Player 1 (Heuristic 1, Depth 2)
Player 2 (Heuristic 1, Depth 2)
Player 2 store: 20
Player 1 store: 28
Player 1 wins!

Player 1 (Heuristic 1, Depth 2)
Player 2 (Heuristic 1, Depth 3)
Player 2 store: 22
Player 1 store: 26
Player 1 wins!

Player 1 (Heuristic 1, Depth 2)
Player 2 (Heuristic 1, Depth 4)
Player 1 store: 16
Player 2 store: 32
Player 2 wins!

Player 1 (Heuristic 1, Depth 2)
Player 2 (Heuristic 1, Depth 5)
Player 1 store: 19
Player 2 store: 29
Player 2 wins!

Player 1 (Heuristic 1, Depth 2)
Player 2 (Heuristic 1, Depth 6)
Player 1 store: 23
Player 2 store: 25
Player 2 wins!

Player 1 (Heuristic 1, Depth 2)
Player 2 (Heuristic 2, Depth 2)
Player 2 store: 28
Player 1 store: 20
Player 2 wins!

Player 1 (Heuristic 1, Depth 2)
Player 2 (Heuristic 2, Depth 3)
Player 1 store: 28
Player 2 store: 20
Player 1 wins!

Player 1 (Heuristic 1, Depth 2)
Player 2 (Heuristic 2, Depth 4)
Player 1 store: 21
Player 2 store: 27
Player 2 wins!

Player 1 (Heuristic 1, Depth 2)
Player 2 (Heuristic 2, Depth 5)
Player 1 store: 25
Player 2 store: 23
Player 1 wins!

Player 1 (Heuristic 1, Depth 2)
Player 2 (Heuristic 2, Depth 6)
Player 1 store: 24
Player 2 store: 24
It's a draw!

Player 1 (Heuristic 1, Depth 2)
Player 2 (Heuristic 3, Depth 2)
Player 1 store: 22
Player 2 store: 26
Player 2 wins!

Player 1 (Heuristic 1, Depth 2)
Player 2 (Heuristic 3, Depth 3)
Player 1 store: 28
Player 2 store: 20
Player 1 wins!

Player 1 (Heuristic 1, Depth 2)
Player 2 (Heuristic 3, Depth 4)
Player 1 store: 21
Player 2 store: 27
Player 2 wins!

Player 1 (Heuristic 1, Depth 2)
Player 2 (Heuristic 3, Depth 5)
Player 2 store: 23
Player 1 store: 25
Player 1 wins!

Player 1 (Heuristic 1, Depth 2)
Player 2 (Heuristic 3, Depth 6)
Player 1 store: 24
Player 2 store: 24
It's a draw!

Player 1 (Heuristic 1, Depth 2)
Player 2 (Heuristic 4, Depth 2)
Player 2 store: 22
Player 1 store: 26
Player 1 wins!

Player 1 (Heuristic 1, Depth 2)
Player 2 (Heuristic 4, Depth 3)
Player 2 store: 13
Player 1 store: 35
Player 1 wins!

Player 1 (Heuristic 1, Depth 2)
Player 2 (Heuristic 4, Depth 4)
Player 1 store: 28
Player 2 store: 20
Player 1 wins!

Player 1 (Heuristic 1, Depth 2)
Player 2 (Heuristic 4, Depth 5)
Player 2 store: 23
Player 1 store: 25
Player 1 wins!

Player 1 (Heuristic 1, Depth 2)
Player 2 (Heuristic 4, Depth 6)
Player 2 store: 26
Player 1 store: 22
Player 2 wins!

Player 1 (Heuristic 1, Depth 3)
Player 2 (Heuristic 1, Depth 2)
Player 2 store: 18
Player 1 store: 30
Player 1 wins!

Player 1 (Heuristic 1, Depth 3)
Player 2 (Heuristic 1, Depth 3)
Player 1 store: 26
Player 2 store: 22
Player 1 wins!

Player 1 (Heuristic 1, Depth 3)
Player 2 (Heuristic 1, Depth 4)
Player 2 store: 19
Player 1 store: 29
Player 1 wins!

Player 1 (Heuristic 1, Depth 3)
Player 2 (Heuristic 1, Depth 5)
Player 1 store: 23
Player 2 store: 25
Player 2 wins!

Player 1 (Heuristic 1, Depth 3)
Player 2 (Heuristic 1, Depth 6)
Player 2 store: 28
Player 1 store: 20
Player 2 wins!

Player 1 (Heuristic 1, Depth 3)
Player 2 (Heuristic 2, Depth 2)
Player 2 store: 14
Player 1 store: 34
Player 1 wins!

Player 1 (Heuristic 1, Depth 3)
Player 2 (Heuristic 2, Depth 3)
Player 1 store: 19
Player 2 store: 29
Player 2 wins!

Player 1 (Heuristic 1, Depth 3)
Player 2 (Heuristic 2, Depth 4)
Player 1 store: 19
Player 2 store: 29
Player 2 wins!

Player 1 (Heuristic 1, Depth 3)
Player 2 (Heuristic 2, Depth 5)
Player 1 store: 18
Player 2 store: 30
Player 2 wins!

Player 1 (Heuristic 1, Depth 3)
Player 2 (Heuristic 2, Depth 6)
Player 2 store: 23
Player 1 store: 25
Player 1 wins!

Player 1 (Heuristic 1, Depth 3)
Player 2 (Heuristic 3, Depth 2)
Player 1 store: 16
Player 2 store: 32
Player 2 wins!

Player 1 (Heuristic 1, Depth 3)
Player 2 (Heuristic 3, Depth 3)
Player 1 store: 19
Player 2 store: 29
Player 2 wins!

Player 1 (Heuristic 1, Depth 3)
Player 2 (Heuristic 3, Depth 4)
Player 1 store: 19
Player 2 store: 29
Player 2 wins!

Player 1 (Heuristic 1, Depth 3)
Player 2 (Heuristic 3, Depth 5)
Player 2 store: 23
Player 1 store: 25
Player 1 wins!

Player 1 (Heuristic 1, Depth 3)
Player 2 (Heuristic 3, Depth 6)
Player 2 store: 24
Player 1 store: 24
It's a draw!

Player 1 (Heuristic 1, Depth 3)
Player 2 (Heuristic 4, Depth 2)
Player 2 store: 15
Player 1 store: 33
Player 1 wins!

Player 1 (Heuristic 1, Depth 3)
Player 2 (Heuristic 4, Depth 3)
Player 2 store: 8
Player 1 store: 40
Player 1 wins!

Player 1 (Heuristic 1, Depth 3)
Player 2 (Heuristic 4, Depth 4)
Player 1 store: 19
Player 2 store: 29
Player 2 wins!

Player 1 (Heuristic 1, Depth 3)
Player 2 (Heuristic 4, Depth 5)
Player 1 store: 24
Player 2 store: 24
It's a draw!

Player 1 (Heuristic 1, Depth 3)
Player 2 (Heuristic 4, Depth 6)
Player 2 store: 33
Player 1 store: 15
Player 2 wins!

Player 1 (Heuristic 1, Depth 4)
Player 2 (Heuristic 1, Depth 2)
Player 1 store: 32
Player 2 store: 16
Player 1 wins!

Player 1 (Heuristic 1, Depth 4)
Player 2 (Heuristic 1, Depth 3)
Player 1 store: 24
Player 2 store: 24
It's a draw!

Player 1 (Heuristic 1, Depth 4)
Player 2 (Heuristic 1, Depth 4)
Player 2 store: 25
Player 1 store: 23
Player 2 wins!

Player 1 (Heuristic 1, Depth 4)
Player 2 (Heuristic 1, Depth 5)
Player 2 store: 20
Player 1 store: 28
Player 1 wins!

Player 1 (Heuristic 1, Depth 4)
Player 2 (Heuristic 1, Depth 6)
Player 2 store: 21
Player 1 store: 27
Player 1 wins!

Player 1 (Heuristic 1, Depth 4)
Player 2 (Heuristic 2, Depth 2)
Player 1 store: 21
Player 2 store: 27
Player 2 wins!

Player 1 (Heuristic 1, Depth 4)
Player 2 (Heuristic 2, Depth 3)
Player 1 store: 38
Player 2 store: 10
Player 1 wins!

Player 1 (Heuristic 1, Depth 4)
Player 2 (Heuristic 2, Depth 4)
Player 1 store: 32
Player 2 store: 16
Player 1 wins!

Player 1 (Heuristic 1, Depth 4)
Player 2 (Heuristic 2, Depth 5)
Player 1 store: 17
Player 2 store: 31
Player 2 wins!

Player 1 (Heuristic 1, Depth 4)
Player 2 (Heuristic 2, Depth 6)
Player 1 store: 36
Player 2 store: 12
Player 1 wins!

Player 1 (Heuristic 1, Depth 4)
Player 2 (Heuristic 3, Depth 2)
Player 1 store: 38
Player 2 store: 10
Player 1 wins!

Player 1 (Heuristic 1, Depth 4)
Player 2 (Heuristic 3, Depth 3)
Player 1 store: 38
Player 2 store: 10
Player 1 wins!

Player 1 (Heuristic 1, Depth 4)
Player 2 (Heuristic 3, Depth 4)
Player 1 store: 28
Player 2 store: 20
Player 1 wins!

Player 1 (Heuristic 1, Depth 4)
Player 2 (Heuristic 3, Depth 5)
Player 1 store: 17
Player 2 store: 31
Player 2 wins!

Player 1 (Heuristic 1, Depth 4)
Player 2 (Heuristic 3, Depth 6)
Player 1 store: 17
Player 2 store: 31
Player 2 wins!

Player 1 (Heuristic 1, Depth 4)
Player 2 (Heuristic 4, Depth 2)
Player 1 store: 42
Player 2 store: 6
Player 1 wins!

Player 1 (Heuristic 1, Depth 4)
Player 2 (Heuristic 4, Depth 3)
Player 2 store: 11
Player 1 store: 37
Player 1 wins!

Player 1 (Heuristic 1, Depth 4)
Player 2 (Heuristic 4, Depth 4)
Player 1 store: 17
Player 2 store: 31
Player 2 wins!

Player 1 (Heuristic 1, Depth 4)
Player 2 (Heuristic 4, Depth 5)
Player 1 store: 17
Player 2 store: 31
Player 2 wins!

Player 1 (Heuristic 1, Depth 4)
Player 2 (Heuristic 4, Depth 6)
Player 1 store: 17
Player 2 store: 31
Player 2 wins!

Player 1 (Heuristic 1, Depth 5)
Player 2 (Heuristic 1, Depth 2)
Player 2 store: 13
Player 1 store: 35
Player 1 wins!

Player 1 (Heuristic 1, Depth 5)
Player 2 (Heuristic 1, Depth 3)
Player 2 store: 8
Player 1 store: 40
Player 1 wins!

Player 1 (Heuristic 1, Depth 5)
Player 2 (Heuristic 1, Depth 4)
Player 2 store: 13
Player 1 store: 35
Player 1 wins!

Player 1 (Heuristic 1, Depth 5)
Player 2 (Heuristic 1, Depth 5)
Player 2 store: 5
Player 1 store: 43
Player 1 wins!

Player 1 (Heuristic 1, Depth 5)
Player 2 (Heuristic 1, Depth 6)
Player 2 store: 23
Player 1 store: 25
Player 1 wins!

Player 1 (Heuristic 1, Depth 5)
Player 2 (Heuristic 2, Depth 2)
Player 2 store: 8
Player 1 store: 40
Player 1 wins!

Player 1 (Heuristic 1, Depth 5)
Player 2 (Heuristic 2, Depth 3)
Player 2 store: 12
Player 1 store: 36
Player 1 wins!

Player 1 (Heuristic 1, Depth 5)
Player 2 (Heuristic 2, Depth 4)
Player 2 store: 13
Player 1 store: 35
Player 1 wins!

Player 1 (Heuristic 1, Depth 5)
Player 2 (Heuristic 2, Depth 5)
Player 2 store: 15
Player 1 store: 33
Player 1 wins!

Player 1 (Heuristic 1, Depth 5)
Player 2 (Heuristic 2, Depth 6)
Player 1 store: 32
Player 2 store: 16
Player 1 wins!

Player 1 (Heuristic 1, Depth 5)
Player 2 (Heuristic 3, Depth 2)
Player 2 store: 8
Player 1 store: 40
Player 1 wins!

Player 1 (Heuristic 1, Depth 5)
Player 2 (Heuristic 3, Depth 3)
Player 2 store: 12
Player 1 store: 36
Player 1 wins!

Player 1 (Heuristic 1, Depth 5)
Player 2 (Heuristic 3, Depth 4)
Player 2 store: 13
Player 1 store: 35
Player 1 wins!

Player 1 (Heuristic 1, Depth 5)
Player 2 (Heuristic 3, Depth 5)
Player 1 store: 25
Player 2 store: 23
Player 1 wins!

Player 1 (Heuristic 1, Depth 5)
Player 2 (Heuristic 3, Depth 6)
Player 1 store: 25
Player 2 store: 23
Player 1 wins!

Player 1 (Heuristic 1, Depth 5)
Player 2 (Heuristic 4, Depth 2)
Player 2 store: 8
Player 1 store: 40
Player 1 wins!

Player 1 (Heuristic 1, Depth 5)
Player 2 (Heuristic 4, Depth 3)
Player 2 store: 16
Player 1 store: 32
Player 1 wins!

Player 1 (Heuristic 1, Depth 5)
Player 2 (Heuristic 4, Depth 4)
Player 2 store: 12
Player 1 store: 36
Player 1 wins!

Player 1 (Heuristic 1, Depth 5)
Player 2 (Heuristic 4, Depth 5)
Player 2 store: 14
Player 1 store: 34
Player 1 wins!

Player 1 (Heuristic 1, Depth 5)
Player 2 (Heuristic 4, Depth 6)
Player 1 store: 26
Player 2 store: 22
Player 1 wins!

Player 1 (Heuristic 1, Depth 6)
Player 2 (Heuristic 1, Depth 2)
Player 1 store: 34
Player 2 store: 14
Player 1 wins!

Player 1 (Heuristic 1, Depth 6)
Player 2 (Heuristic 1, Depth 3)
Player 1 store: 29
Player 2 store: 19
Player 1 wins!

Player 1 (Heuristic 1, Depth 6)
Player 2 (Heuristic 1, Depth 4)
Player 1 store: 35
Player 2 store: 13
Player 1 wins!

Player 1 (Heuristic 1, Depth 6)
Player 2 (Heuristic 1, Depth 5)
Player 2 store: 5
Player 1 store: 43
Player 1 wins!

Player 1 (Heuristic 1, Depth 6)
Player 2 (Heuristic 1, Depth 6)
Player 2 store: 11
Player 1 store: 37
Player 1 wins!

Player 1 (Heuristic 1, Depth 6)
Player 2 (Heuristic 2, Depth 2)
Player 2 store: 12
Player 1 store: 36
Player 1 wins!

Player 1 (Heuristic 1, Depth 6)
Player 2 (Heuristic 2, Depth 3)
Player 1 store: 35
Player 2 store: 13
Player 1 wins!

Player 1 (Heuristic 1, Depth 6)
Player 2 (Heuristic 2, Depth 4)
Player 2 store: 14
Player 1 store: 34
Player 1 wins!

Player 1 (Heuristic 1, Depth 6)
Player 2 (Heuristic 2, Depth 5)
Player 2 store: 14
Player 1 store: 34
Player 1 wins!

Player 1 (Heuristic 1, Depth 6)
Player 2 (Heuristic 2, Depth 6)
Player 2 store: 13
Player 1 store: 35
Player 1 wins!

Player 1 (Heuristic 1, Depth 6)
Player 2 (Heuristic 3, Depth 2)
Player 2 store: 9
Player 1 store: 39
Player 1 wins!

Player 1 (Heuristic 1, Depth 6)
Player 2 (Heuristic 3, Depth 3)
Player 1 store: 35
Player 2 store: 13
Player 1 wins!

Player 1 (Heuristic 1, Depth 6)
Player 2 (Heuristic 3, Depth 4)
Player 2 store: 14
Player 1 store: 34
Player 1 wins!

Player 1 (Heuristic 1, Depth 6)
Player 2 (Heuristic 3, Depth 5)
Player 2 store: 14
Player 1 store: 34
Player 1 wins!

Player 1 (Heuristic 1, Depth 6)
Player 2 (Heuristic 3, Depth 6)
Player 1 store: 22
Player 2 store: 26
Player 2 wins!

Player 1 (Heuristic 1, Depth 6)
Player 2 (Heuristic 4, Depth 2)
Player 2 store: 9
Player 1 store: 39
Player 1 wins!

Player 1 (Heuristic 1, Depth 6)
Player 2 (Heuristic 4, Depth 3)
Player 1 store: 33
Player 2 store: 15
Player 1 wins!

Player 1 (Heuristic 1, Depth 6)
Player 2 (Heuristic 4, Depth 4)
Player 1 store: 33
Player 2 store: 15
Player 1 wins!

Player 1 (Heuristic 1, Depth 6)
Player 2 (Heuristic 4, Depth 5)
Player 1 store: 31
Player 2 store: 17
Player 1 wins!

Player 1 (Heuristic 1, Depth 6)
Player 2 (Heuristic 4, Depth 6)
Player 1 store: 22
Player 2 store: 26
Player 2 wins!

Player 1 (Heuristic 2, Depth 2)
Player 2 (Heuristic 1, Depth 2)
Player 2 store: 33
Player 1 store: 15
Player 2 wins!

Player 1 (Heuristic 2, Depth 2)
Player 2 (Heuristic 1, Depth 3)
Player 1 store: 18
Player 2 store: 30
Player 2 wins!

Player 1 (Heuristic 2, Depth 2)
Player 2 (Heuristic 1, Depth 4)
Player 2 store: 44
Player 1 store: 4
Player 2 wins!

Player 1 (Heuristic 2, Depth 2)
Player 2 (Heuristic 1, Depth 5)
Player 2 store: 38
Player 1 store: 10
Player 2 wins!

Player 1 (Heuristic 2, Depth 2)
Player 2 (Heuristic 1, Depth 6)
Player 2 store: 44
Player 1 store: 4
Player 2 wins!

Player 1 (Heuristic 2, Depth 2)
Player 2 (Heuristic 2, Depth 2)
Player 1 store: 26
Player 2 store: 22
Player 1 wins!

Player 1 (Heuristic 2, Depth 2)
Player 2 (Heuristic 2, Depth 3)
Player 1 store: 26
Player 2 store: 22
Player 1 wins!

Player 1 (Heuristic 2, Depth 2)
Player 2 (Heuristic 2, Depth 4)
Player 1 store: 26
Player 2 store: 22
Player 1 wins!

Player 1 (Heuristic 2, Depth 2)
Player 2 (Heuristic 2, Depth 5)
Player 2 store: 22
Player 1 store: 26
Player 1 wins!

Player 1 (Heuristic 2, Depth 2)
Player 2 (Heuristic 2, Depth 6)
Player 2 store: 22
Player 1 store: 26
Player 1 wins!

Player 1 (Heuristic 2, Depth 2)
Player 2 (Heuristic 3, Depth 2)
Player 1 store: 25
Player 2 store: 23
Player 1 wins!

Player 1 (Heuristic 2, Depth 2)
Player 2 (Heuristic 3, Depth 3)
Player 1 store: 26
Player 2 store: 22
Player 1 wins!

Player 1 (Heuristic 2, Depth 2)
Player 2 (Heuristic 3, Depth 4)
Player 1 store: 26
Player 2 store: 22
Player 1 wins!

Player 1 (Heuristic 2, Depth 2)
Player 2 (Heuristic 3, Depth 5)
Player 1 store: 15
Player 2 store: 33
Player 2 wins!

Player 1 (Heuristic 2, Depth 2)
Player 2 (Heuristic 3, Depth 6)
Player 2 store: 34
Player 1 store: 14
Player 2 wins!

Player 1 (Heuristic 2, Depth 2)
Player 2 (Heuristic 4, Depth 2)
Player 1 store: 25
Player 2 store: 23
Player 1 wins!

Player 1 (Heuristic 2, Depth 2)
Player 2 (Heuristic 4, Depth 3)
Player 1 store: 26
Player 2 store: 22
Player 1 wins!

Player 1 (Heuristic 2, Depth 2)
Player 2 (Heuristic 4, Depth 4)
Player 1 store: 26
Player 2 store: 22
Player 1 wins!

Player 1 (Heuristic 2, Depth 2)
Player 2 (Heuristic 4, Depth 5)
Player 1 store: 15
Player 2 store: 33
Player 2 wins!

Player 1 (Heuristic 2, Depth 2)
Player 2 (Heuristic 4, Depth 6)
Player 2 store: 31
Player 1 store: 17
Player 2 wins!

Player 1 (Heuristic 2, Depth 3)
Player 2 (Heuristic 1, Depth 2)
Player 2 store: 24
Player 1 store: 24
It's a draw!

Player 1 (Heuristic 2, Depth 3)
Player 2 (Heuristic 1, Depth 3)
Player 1 store: 15
Player 2 store: 33
Player 2 wins!

Player 1 (Heuristic 2, Depth 3)
Player 2 (Heuristic 1, Depth 4)
Player 1 store: 13
Player 2 store: 35
Player 2 wins!

Player 1 (Heuristic 2, Depth 3)
Player 2 (Heuristic 1, Depth 5)
Player 2 store: 22
Player 1 store: 26
Player 1 wins!

Player 1 (Heuristic 2, Depth 3)
Player 2 (Heuristic 1, Depth 6)
Player 2 store: 38
Player 1 store: 10
Player 2 wins!

Player 1 (Heuristic 2, Depth 3)
Player 2 (Heuristic 2, Depth 2)
Player 2 store: 28
Player 1 store: 20
Player 2 wins!

Player 1 (Heuristic 2, Depth 3)
Player 2 (Heuristic 2, Depth 3)
Player 2 store: 15
Player 1 store: 33
Player 1 wins!

Player 1 (Heuristic 2, Depth 3)
Player 2 (Heuristic 2, Depth 4)
Player 2 store: 20
Player 1 store: 28
Player 1 wins!

Player 1 (Heuristic 2, Depth 3)
Player 2 (Heuristic 2, Depth 5)
Player 1 store: 21
Player 2 store: 27
Player 2 wins!

Player 1 (Heuristic 2, Depth 3)
Player 2 (Heuristic 2, Depth 6)
Player 2 store: 29
Player 1 store: 19
Player 2 wins!

Player 1 (Heuristic 2, Depth 3)
Player 2 (Heuristic 3, Depth 2)
Player 2 store: 34
Player 1 store: 14
Player 2 wins!

Player 1 (Heuristic 2, Depth 3)
Player 2 (Heuristic 3, Depth 3)
Player 2 store: 15
Player 1 store: 33
Player 1 wins!

Player 1 (Heuristic 2, Depth 3)
Player 2 (Heuristic 3, Depth 4)
Player 2 store: 27
Player 1 store: 21
Player 2 wins!

Player 1 (Heuristic 2, Depth 3)
Player 2 (Heuristic 3, Depth 5)
Player 1 store: 21
Player 2 store: 27
Player 2 wins!

Player 1 (Heuristic 2, Depth 3)
Player 2 (Heuristic 3, Depth 6)
Player 2 store: 25
Player 1 store: 23
Player 2 wins!

Player 1 (Heuristic 2, Depth 3)
Player 2 (Heuristic 4, Depth 2)
Player 2 store: 34
Player 1 store: 14
Player 2 wins!

Player 1 (Heuristic 2, Depth 3)
Player 2 (Heuristic 4, Depth 3)
Player 2 store: 15
Player 1 store: 33
Player 1 wins!

Player 1 (Heuristic 2, Depth 3)
Player 2 (Heuristic 4, Depth 4)
Player 1 store: 19
Player 2 store: 29
Player 2 wins!

Player 1 (Heuristic 2, Depth 3)
Player 2 (Heuristic 4, Depth 5)
Player 1 store: 13
Player 2 store: 35
Player 2 wins!

Player 1 (Heuristic 2, Depth 3)
Player 2 (Heuristic 4, Depth 6)
Player 2 store: 25
Player 1 store: 23
Player 2 wins!

Player 1 (Heuristic 2, Depth 4)
Player 2 (Heuristic 1, Depth 2)
Player 2 store: 23
Player 1 store: 25
Player 1 wins!

Player 1 (Heuristic 2, Depth 4)
Player 2 (Heuristic 1, Depth 3)
Player 1 store: 19
Player 2 store: 29
Player 2 wins!

Player 1 (Heuristic 2, Depth 4)
Player 2 (Heuristic 1, Depth 4)
Player 2 store: 27
Player 1 store: 21
Player 2 wins!

Player 1 (Heuristic 2, Depth 4)
Player 2 (Heuristic 1, Depth 5)
Player 2 store: 18
Player 1 store: 30
Player 1 wins!

Player 1 (Heuristic 2, Depth 4)
Player 2 (Heuristic 1, Depth 6)
Player 2 store: 30
Player 1 store: 18
Player 2 wins!

Player 1 (Heuristic 2, Depth 4)
Player 2 (Heuristic 2, Depth 2)
Player 1 store: 25
Player 2 store: 23
Player 1 wins!

Player 1 (Heuristic 2, Depth 4)
Player 2 (Heuristic 2, Depth 3)
Player 2 store: 23
Player 1 store: 25
Player 1 wins!

Player 1 (Heuristic 2, Depth 4)
Player 2 (Heuristic 2, Depth 4)
Player 2 store: 27
Player 1 store: 21
Player 2 wins!

Player 1 (Heuristic 2, Depth 4)
Player 2 (Heuristic 2, Depth 5)
Player 2 store: 27
Player 1 store: 21
Player 2 wins!

Player 1 (Heuristic 2, Depth 4)
Player 2 (Heuristic 2, Depth 6)
Player 2 store: 27
Player 1 store: 21
Player 2 wins!

Player 1 (Heuristic 2, Depth 4)
Player 2 (Heuristic 3, Depth 2)
Player 1 store: 25
Player 2 store: 23
Player 1 wins!

Player 1 (Heuristic 2, Depth 4)
Player 2 (Heuristic 3, Depth 3)
Player 2 store: 23
Player 1 store: 25
Player 1 wins!

Player 1 (Heuristic 2, Depth 4)
Player 2 (Heuristic 3, Depth 4)
Player 1 store: 24
Player 2 store: 24
It's a draw!

Player 1 (Heuristic 2, Depth 4)
Player 2 (Heuristic 3, Depth 5)
Player 2 store: 27
Player 1 store: 21
Player 2 wins!

Player 1 (Heuristic 2, Depth 4)
Player 2 (Heuristic 3, Depth 6)
Player 2 store: 27
Player 1 store: 21
Player 2 wins!

Player 1 (Heuristic 2, Depth 4)
Player 2 (Heuristic 4, Depth 2)
Player 1 store: 37
Player 2 store: 11
Player 1 wins!

Player 1 (Heuristic 2, Depth 4)
Player 2 (Heuristic 4, Depth 3)
Player 1 store: 25
Player 2 store: 23
Player 1 wins!

Player 1 (Heuristic 2, Depth 4)
Player 2 (Heuristic 4, Depth 4)
Player 1 store: 13
Player 2 store: 35
Player 2 wins!

Player 1 (Heuristic 2, Depth 4)
Player 2 (Heuristic 4, Depth 5)
Player 2 store: 27
Player 1 store: 21
Player 2 wins!

Player 1 (Heuristic 2, Depth 4)
Player 2 (Heuristic 4, Depth 6)
Player 2 store: 27
Player 1 store: 21
Player 2 wins!

Player 1 (Heuristic 2, Depth 5)
Player 2 (Heuristic 1, Depth 2)
Player 2 store: 29
Player 1 store: 19
Player 2 wins!

Player 1 (Heuristic 2, Depth 5)
Player 2 (Heuristic 1, Depth 3)
Player 2 store: 18
Player 1 store: 30
Player 1 wins!

Player 1 (Heuristic 2, Depth 5)
Player 2 (Heuristic 1, Depth 4)
Player 2 store: 20
Player 1 store: 28
Player 1 wins!

Player 1 (Heuristic 2, Depth 5)
Player 2 (Heuristic 1, Depth 5)
Player 2 store: 30
Player 1 store: 18
Player 2 wins!

Player 1 (Heuristic 2, Depth 5)
Player 2 (Heuristic 1, Depth 6)
Player 1 store: 17
Player 2 store: 31
Player 2 wins!

Player 1 (Heuristic 2, Depth 5)
Player 2 (Heuristic 2, Depth 2)
Player 1 store: 35
Player 2 store: 13
Player 1 wins!

Player 1 (Heuristic 2, Depth 5)
Player 2 (Heuristic 2, Depth 3)
Player 1 store: 16
Player 2 store: 32
Player 2 wins!

Player 1 (Heuristic 2, Depth 5)
Player 2 (Heuristic 2, Depth 4)
Player 2 store: 21
Player 1 store: 27
Player 1 wins!

Player 1 (Heuristic 2, Depth 5)
Player 2 (Heuristic 2, Depth 5)
Player 2 store: 22
Player 1 store: 26
Player 1 wins!

Player 1 (Heuristic 2, Depth 5)
Player 2 (Heuristic 2, Depth 6)
Player 2 store: 27
Player 1 store: 21
Player 2 wins!

Player 1 (Heuristic 2, Depth 5)
Player 2 (Heuristic 3, Depth 2)
Player 1 store: 35
Player 2 store: 13
Player 1 wins!

Player 1 (Heuristic 2, Depth 5)
Player 2 (Heuristic 3, Depth 3)
Player 2 store: 33
Player 1 store: 15
Player 2 wins!

Player 1 (Heuristic 2, Depth 5)
Player 2 (Heuristic 3, Depth 4)
Player 2 store: 23
Player 1 store: 25
Player 1 wins!

Player 1 (Heuristic 2, Depth 5)
Player 2 (Heuristic 3, Depth 5)
Player 1 store: 17
Player 2 store: 31
Player 2 wins!

Player 1 (Heuristic 2, Depth 5)
Player 2 (Heuristic 3, Depth 6)
Player 1 store: 27
Player 2 store: 21
Player 1 wins!

Player 1 (Heuristic 2, Depth 5)
Player 2 (Heuristic 4, Depth 2)
Player 1 store: 35
Player 2 store: 13
Player 1 wins!

Player 1 (Heuristic 2, Depth 5)
Player 2 (Heuristic 4, Depth 3)
Player 2 store: 29
Player 1 store: 19
Player 2 wins!

Player 1 (Heuristic 2, Depth 5)
Player 2 (Heuristic 4, Depth 4)
Player 1 store: 13
Player 2 store: 35
Player 2 wins!

Player 1 (Heuristic 2, Depth 5)
Player 2 (Heuristic 4, Depth 5)
Player 2 store: 25
Player 1 store: 23
Player 2 wins!

Player 1 (Heuristic 2, Depth 5)
Player 2 (Heuristic 4, Depth 6)
Player 2 store: 31
Player 1 store: 17
Player 2 wins!

Player 1 (Heuristic 2, Depth 6)
Player 2 (Heuristic 1, Depth 2)
Player 2 store: 28
Player 1 store: 20
Player 2 wins!

Player 1 (Heuristic 2, Depth 6)
Player 2 (Heuristic 1, Depth 3)
Player 2 store: 33
Player 1 store: 15
Player 2 wins!

Player 1 (Heuristic 2, Depth 6)
Player 2 (Heuristic 1, Depth 4)
Player 2 store: 30
Player 1 store: 18
Player 2 wins!

Player 1 (Heuristic 2, Depth 6)
Player 2 (Heuristic 1, Depth 5)
Player 2 store: 16
Player 1 store: 32
Player 1 wins!

Player 1 (Heuristic 2, Depth 6)
Player 2 (Heuristic 1, Depth 6)
Player 2 store: 26
Player 1 store: 22
Player 2 wins!

Player 1 (Heuristic 2, Depth 6)
Player 2 (Heuristic 2, Depth 2)
Player 1 store: 35
Player 2 store: 13
Player 1 wins!

Player 1 (Heuristic 2, Depth 6)
Player 2 (Heuristic 2, Depth 3)
Player 2 store: 26
Player 1 store: 22
Player 2 wins!

Player 1 (Heuristic 2, Depth 6)
Player 2 (Heuristic 2, Depth 4)
Player 1 store: 30
Player 2 store: 18
Player 1 wins!

Player 1 (Heuristic 2, Depth 6)
Player 2 (Heuristic 2, Depth 5)
Player 1 store: 27
Player 2 store: 21
Player 1 wins!

Player 1 (Heuristic 2, Depth 6)
Player 2 (Heuristic 2, Depth 6)
Player 2 store: 27
Player 1 store: 21
Player 2 wins!

Player 1 (Heuristic 2, Depth 6)
Player 2 (Heuristic 3, Depth 2)
Player 1 store: 35
Player 2 store: 13
Player 1 wins!

Player 1 (Heuristic 2, Depth 6)
Player 2 (Heuristic 3, Depth 3)
Player 2 store: 27
Player 1 store: 21
Player 2 wins!

Player 1 (Heuristic 2, Depth 6)
Player 2 (Heuristic 3, Depth 4)
Player 2 store: 26
Player 1 store: 22
Player 2 wins!

Player 1 (Heuristic 2, Depth 6)
Player 2 (Heuristic 3, Depth 5)
Player 1 store: 27
Player 2 store: 21
Player 1 wins!

Player 1 (Heuristic 2, Depth 6)
Player 2 (Heuristic 3, Depth 6)
Player 1 store: 32
Player 2 store: 16
Player 1 wins!

Player 1 (Heuristic 2, Depth 6)
Player 2 (Heuristic 4, Depth 2)
Player 1 store: 35
Player 2 store: 13
Player 1 wins!

Player 1 (Heuristic 2, Depth 6)
Player 2 (Heuristic 4, Depth 3)
Player 2 store: 27
Player 1 store: 21
Player 2 wins!

Player 1 (Heuristic 2, Depth 6)
Player 2 (Heuristic 4, Depth 4)
Player 2 store: 28
Player 1 store: 20
Player 2 wins!

Player 1 (Heuristic 2, Depth 6)
Player 2 (Heuristic 4, Depth 5)
Player 2 store: 25
Player 1 store: 23
Player 2 wins!

Player 1 (Heuristic 2, Depth 6)
Player 2 (Heuristic 4, Depth 6)
Player 2 store: 21
Player 1 store: 27
Player 1 wins!

Player 1 (Heuristic 3, Depth 2)
Player 2 (Heuristic 1, Depth 2)
Player 1 store: 21
Player 2 store: 27
Player 2 wins!

Player 1 (Heuristic 3, Depth 2)
Player 2 (Heuristic 1, Depth 3)
Player 2 store: 37
Player 1 store: 11
Player 2 wins!

Player 1 (Heuristic 3, Depth 2)
Player 2 (Heuristic 1, Depth 4)
Player 2 store: 27
Player 1 store: 21
Player 2 wins!

Player 1 (Heuristic 3, Depth 2)
Player 2 (Heuristic 1, Depth 5)
Player 2 store: 35
Player 1 store: 13
Player 2 wins!

Player 1 (Heuristic 3, Depth 2)
Player 2 (Heuristic 1, Depth 6)
Player 2 store: 35
Player 1 store: 13
Player 2 wins!

Player 1 (Heuristic 3, Depth 2)
Player 2 (Heuristic 2, Depth 2)
Player 1 store: 33
Player 2 store: 15
Player 1 wins!

Player 1 (Heuristic 3, Depth 2)
Player 2 (Heuristic 2, Depth 3)
Player 2 store: 26
Player 1 store: 22
Player 2 wins!

Player 1 (Heuristic 3, Depth 2)
Player 2 (Heuristic 2, Depth 4)
Player 2 store: 34
Player 1 store: 14
Player 2 wins!

Player 1 (Heuristic 3, Depth 2)
Player 2 (Heuristic 2, Depth 5)
Player 2 store: 34
Player 1 store: 14
Player 2 wins!

Player 1 (Heuristic 3, Depth 2)
Player 2 (Heuristic 2, Depth 6)
Player 2 store: 34
Player 1 store: 14
Player 2 wins!

Player 1 (Heuristic 3, Depth 2)
Player 2 (Heuristic 3, Depth 2)
Player 2 store: 34
Player 1 store: 14
Player 2 wins!

Player 1 (Heuristic 3, Depth 2)
Player 2 (Heuristic 3, Depth 3)
Player 2 store: 26
Player 1 store: 22
Player 2 wins!

Player 1 (Heuristic 3, Depth 2)
Player 2 (Heuristic 3, Depth 4)
Player 2 store: 33
Player 1 store: 15
Player 2 wins!

Player 1 (Heuristic 3, Depth 2)
Player 2 (Heuristic 3, Depth 5)
Player 2 store: 34
Player 1 store: 14
Player 2 wins!

Player 1 (Heuristic 3, Depth 2)
Player 2 (Heuristic 3, Depth 6)
Player 2 store: 34
Player 1 store: 14
Player 2 wins!

Player 1 (Heuristic 3, Depth 2)
Player 2 (Heuristic 4, Depth 2)
Player 2 store: 34
Player 1 store: 14
Player 2 wins!

Player 1 (Heuristic 3, Depth 2)
Player 2 (Heuristic 4, Depth 3)
Player 2 store: 26
Player 1 store: 22
Player 2 wins!

Player 1 (Heuristic 3, Depth 2)
Player 2 (Heuristic 4, Depth 4)
Player 2 store: 34
Player 1 store: 14
Player 2 wins!

Player 1 (Heuristic 3, Depth 2)
Player 2 (Heuristic 4, Depth 5)
Player 2 store: 34
Player 1 store: 14
Player 2 wins!

Player 1 (Heuristic 3, Depth 2)
Player 2 (Heuristic 4, Depth 6)
Player 2 store: 34
Player 1 store: 14
Player 2 wins!

Player 1 (Heuristic 3, Depth 3)
Player 2 (Heuristic 1, Depth 2)
Player 2 store: 24
Player 1 store: 24
It's a draw!

Player 1 (Heuristic 3, Depth 3)
Player 2 (Heuristic 1, Depth 3)
Player 1 store: 15
Player 2 store: 33
Player 2 wins!

Player 1 (Heuristic 3, Depth 3)
Player 2 (Heuristic 1, Depth 4)
Player 1 store: 13
Player 2 store: 35
Player 2 wins!

Player 1 (Heuristic 3, Depth 3)
Player 2 (Heuristic 1, Depth 5)
Player 2 store: 22
Player 1 store: 26
Player 1 wins!

Player 1 (Heuristic 3, Depth 3)
Player 2 (Heuristic 1, Depth 6)
Player 2 store: 38
Player 1 store: 10
Player 2 wins!

Player 1 (Heuristic 3, Depth 3)
Player 2 (Heuristic 2, Depth 2)
Player 1 store: 44
Player 2 store: 4
Player 1 wins!

Player 1 (Heuristic 3, Depth 3)
Player 2 (Heuristic 2, Depth 3)
Player 2 store: 10
Player 1 store: 38
Player 1 wins!

Player 1 (Heuristic 3, Depth 3)
Player 2 (Heuristic 2, Depth 4)
Player 1 store: 22
Player 2 store: 26
Player 2 wins!

Player 1 (Heuristic 3, Depth 3)
Player 2 (Heuristic 2, Depth 5)
Player 2 store: 26
Player 1 store: 22
Player 2 wins!

Player 1 (Heuristic 3, Depth 3)
Player 2 (Heuristic 2, Depth 6)
Player 1 store: 18
Player 2 store: 30
Player 2 wins!

Player 1 (Heuristic 3, Depth 3)
Player 2 (Heuristic 3, Depth 2)
Player 1 store: 21
Player 2 store: 27
Player 2 wins!

Player 1 (Heuristic 3, Depth 3)
Player 2 (Heuristic 3, Depth 3)
Player 1 store: 18
Player 2 store: 30
Player 2 wins!

Player 1 (Heuristic 3, Depth 3)
Player 2 (Heuristic 3, Depth 4)
Player 1 store: 22
Player 2 store: 26
Player 2 wins!

Player 1 (Heuristic 3, Depth 3)
Player 2 (Heuristic 3, Depth 5)
Player 1 store: 17
Player 2 store: 31
Player 2 wins!

Player 1 (Heuristic 3, Depth 3)
Player 2 (Heuristic 3, Depth 6)
Player 1 store: 21
Player 2 store: 27
Player 2 wins!

Player 1 (Heuristic 3, Depth 3)
Player 2 (Heuristic 4, Depth 2)
Player 1 store: 21
Player 2 store: 27
Player 2 wins!

Player 1 (Heuristic 3, Depth 3)
Player 2 (Heuristic 4, Depth 3)
Player 2 store: 14
Player 1 store: 34
Player 1 wins!

Player 1 (Heuristic 3, Depth 3)
Player 2 (Heuristic 4, Depth 4)
Player 2 store: 28
Player 1 store: 20
Player 2 wins!

Player 1 (Heuristic 3, Depth 3)
Player 2 (Heuristic 4, Depth 5)
Player 2 store: 29
Player 1 store: 19
Player 2 wins!

Player 1 (Heuristic 3, Depth 3)
Player 2 (Heuristic 4, Depth 6)
Player 1 store: 21
Player 2 store: 27
Player 2 wins!

Player 1 (Heuristic 3, Depth 4)
Player 2 (Heuristic 1, Depth 2)
Player 2 store: 21
Player 1 store: 27
Player 1 wins!

Player 1 (Heuristic 3, Depth 4)
Player 2 (Heuristic 1, Depth 3)
Player 2 store: 23
Player 1 store: 25
Player 1 wins!

Player 1 (Heuristic 3, Depth 4)
Player 2 (Heuristic 1, Depth 4)
Player 1 store: 17
Player 2 store: 31
Player 2 wins!

Player 1 (Heuristic 3, Depth 4)
Player 2 (Heuristic 1, Depth 5)
Player 1 store: 13
Player 2 store: 35
Player 2 wins!

Player 1 (Heuristic 3, Depth 4)
Player 2 (Heuristic 1, Depth 6)
Player 1 store: 13
Player 2 store: 35
Player 2 wins!

Player 1 (Heuristic 3, Depth 4)
Player 2 (Heuristic 2, Depth 2)
Player 1 store: 34
Player 2 store: 14
Player 1 wins!

Player 1 (Heuristic 3, Depth 4)
Player 2 (Heuristic 2, Depth 3)
Player 1 store: 38
Player 2 store: 10
Player 1 wins!

Player 1 (Heuristic 3, Depth 4)
Player 2 (Heuristic 2, Depth 4)
Player 1 store: 7
Player 2 store: 41
Player 2 wins!

Player 1 (Heuristic 3, Depth 4)
Player 2 (Heuristic 2, Depth 5)
Player 1 store: 7
Player 2 store: 41
Player 2 wins!

Player 1 (Heuristic 3, Depth 4)
Player 2 (Heuristic 2, Depth 6)
Player 1 store: 7
Player 2 store: 41
Player 2 wins!

Player 1 (Heuristic 3, Depth 4)
Player 2 (Heuristic 3, Depth 2)
Player 1 store: 33
Player 2 store: 15
Player 1 wins!

Player 1 (Heuristic 3, Depth 4)
Player 2 (Heuristic 3, Depth 3)
Player 1 store: 32
Player 2 store: 16
Player 1 wins!

Player 1 (Heuristic 3, Depth 4)
Player 2 (Heuristic 3, Depth 4)
Player 1 store: 7
Player 2 store: 41
Player 2 wins!

Player 1 (Heuristic 3, Depth 4)
Player 2 (Heuristic 3, Depth 5)
Player 1 store: 7
Player 2 store: 41
Player 2 wins!

Player 1 (Heuristic 3, Depth 4)
Player 2 (Heuristic 3, Depth 6)
Player 1 store: 7
Player 2 store: 41
Player 2 wins!

Player 1 (Heuristic 3, Depth 4)
Player 2 (Heuristic 4, Depth 2)
Player 1 store: 33
Player 2 store: 15
Player 1 wins!

Player 1 (Heuristic 3, Depth 4)
Player 2 (Heuristic 4, Depth 3)
Player 2 store: 21
Player 1 store: 27
Player 1 wins!

Player 1 (Heuristic 3, Depth 4)
Player 2 (Heuristic 4, Depth 4)
Player 1 store: 7
Player 2 store: 41
Player 2 wins!

Player 1 (Heuristic 3, Depth 4)
Player 2 (Heuristic 4, Depth 5)
Player 1 store: 7
Player 2 store: 41
Player 2 wins!

Player 1 (Heuristic 3, Depth 4)
Player 2 (Heuristic 4, Depth 6)
Player 1 store: 7
Player 2 store: 41
Player 2 wins!

Player 1 (Heuristic 3, Depth 5)
Player 2 (Heuristic 1, Depth 2)
Player 2 store: 16
Player 1 store: 32
Player 1 wins!

Player 1 (Heuristic 3, Depth 5)
Player 2 (Heuristic 1, Depth 3)
Player 2 store: 21
Player 1 store: 27
Player 1 wins!

Player 1 (Heuristic 3, Depth 5)
Player 2 (Heuristic 1, Depth 4)
Player 2 store: 24
Player 1 store: 24
It's a draw!

Player 1 (Heuristic 3, Depth 5)
Player 2 (Heuristic 1, Depth 5)
Player 2 store: 29
Player 1 store: 19
Player 2 wins!

Player 1 (Heuristic 3, Depth 5)
Player 2 (Heuristic 1, Depth 6)
Player 2 store: 24
Player 1 store: 24
It's a draw!

Player 1 (Heuristic 3, Depth 5)
Player 2 (Heuristic 2, Depth 2)
Player 1 store: 14
Player 2 store: 34
Player 2 wins!

Player 1 (Heuristic 3, Depth 5)
Player 2 (Heuristic 2, Depth 3)
Player 2 store: 12
Player 1 store: 36
Player 1 wins!

Player 1 (Heuristic 3, Depth 5)
Player 2 (Heuristic 2, Depth 4)
Player 2 store: 8
Player 1 store: 40
Player 1 wins!

Player 1 (Heuristic 3, Depth 5)
Player 2 (Heuristic 2, Depth 5)
Player 1 store: 29
Player 2 store: 19
Player 1 wins!

Player 1 (Heuristic 3, Depth 5)
Player 2 (Heuristic 2, Depth 6)
Player 2 store: 23
Player 1 store: 25
Player 1 wins!

Player 1 (Heuristic 3, Depth 5)
Player 2 (Heuristic 3, Depth 2)
Player 1 store: 33
Player 2 store: 15
Player 1 wins!

Player 1 (Heuristic 3, Depth 5)
Player 2 (Heuristic 3, Depth 3)
Player 2 store: 15
Player 1 store: 33
Player 1 wins!

Player 1 (Heuristic 3, Depth 5)
Player 2 (Heuristic 3, Depth 4)
Player 1 store: 17
Player 2 store: 31
Player 2 wins!

Player 1 (Heuristic 3, Depth 5)
Player 2 (Heuristic 3, Depth 5)
Player 1 store: 29
Player 2 store: 19
Player 1 wins!

Player 1 (Heuristic 3, Depth 5)
Player 2 (Heuristic 3, Depth 6)
Player 2 store: 22
Player 1 store: 26
Player 1 wins!

Player 1 (Heuristic 3, Depth 5)
Player 2 (Heuristic 4, Depth 2)
Player 1 store: 33
Player 2 store: 15
Player 1 wins!

Player 1 (Heuristic 3, Depth 5)
Player 2 (Heuristic 4, Depth 3)
Player 1 store: 23
Player 2 store: 25
Player 2 wins!

Player 1 (Heuristic 3, Depth 5)
Player 2 (Heuristic 4, Depth 4)
Player 1 store: 23
Player 2 store: 25
Player 2 wins!

Player 1 (Heuristic 3, Depth 5)
Player 2 (Heuristic 4, Depth 5)
Player 2 store: 19
Player 1 store: 29
Player 1 wins!

Player 1 (Heuristic 3, Depth 5)
Player 2 (Heuristic 4, Depth 6)
Player 2 store: 22
Player 1 store: 26
Player 1 wins!

Player 1 (Heuristic 3, Depth 6)
Player 2 (Heuristic 1, Depth 2)
Player 2 store: 28
Player 1 store: 20
Player 2 wins!

Player 1 (Heuristic 3, Depth 6)
Player 2 (Heuristic 1, Depth 3)
Player 2 store: 33
Player 1 store: 15
Player 2 wins!

Player 1 (Heuristic 3, Depth 6)
Player 2 (Heuristic 1, Depth 4)
Player 2 store: 20
Player 1 store: 28
Player 1 wins!

Player 1 (Heuristic 3, Depth 6)
Player 2 (Heuristic 1, Depth 5)
Player 2 store: 16
Player 1 store: 32
Player 1 wins!

Player 1 (Heuristic 3, Depth 6)
Player 2 (Heuristic 1, Depth 6)
Player 2 store: 26
Player 1 store: 22
Player 2 wins!

Player 1 (Heuristic 3, Depth 6)
Player 2 (Heuristic 2, Depth 2)
Player 1 store: 35
Player 2 store: 13
Player 1 wins!

Player 1 (Heuristic 3, Depth 6)
Player 2 (Heuristic 2, Depth 3)
Player 1 store: 17
Player 2 store: 31
Player 2 wins!

Player 1 (Heuristic 3, Depth 6)
Player 2 (Heuristic 2, Depth 4)
Player 1 store: 30
Player 2 store: 18
Player 1 wins!

Player 1 (Heuristic 3, Depth 6)
Player 2 (Heuristic 2, Depth 5)
Player 2 store: 18
Player 1 store: 30
Player 1 wins!

Player 1 (Heuristic 3, Depth 6)
Player 2 (Heuristic 2, Depth 6)
Player 2 store: 27
Player 1 store: 21
Player 2 wins!

Player 1 (Heuristic 3, Depth 6)
Player 2 (Heuristic 3, Depth 2)
Player 1 store: 35
Player 2 store: 13
Player 1 wins!

Player 1 (Heuristic 3, Depth 6)
Player 2 (Heuristic 3, Depth 3)
Player 1 store: 17
Player 2 store: 31
Player 2 wins!

Player 1 (Heuristic 3, Depth 6)
Player 2 (Heuristic 3, Depth 4)
Player 1 store: 21
Player 2 store: 27
Player 2 wins!

Player 1 (Heuristic 3, Depth 6)
Player 2 (Heuristic 3, Depth 5)
Player 2 store: 18
Player 1 store: 30
Player 1 wins!

Player 1 (Heuristic 3, Depth 6)
Player 2 (Heuristic 3, Depth 6)
Player 1 store: 26
Player 2 store: 22
Player 1 wins!

Player 1 (Heuristic 3, Depth 6)
Player 2 (Heuristic 4, Depth 2)
Player 1 store: 35
Player 2 store: 13
Player 1 wins!

Player 1 (Heuristic 3, Depth 6)
Player 2 (Heuristic 4, Depth 3)
Player 1 store: 17
Player 2 store: 31
Player 2 wins!

Player 1 (Heuristic 3, Depth 6)
Player 2 (Heuristic 4, Depth 4)
Player 2 store: 28
Player 1 store: 20
Player 2 wins!

Player 1 (Heuristic 3, Depth 6)
Player 2 (Heuristic 4, Depth 5)
Player 2 store: 25
Player 1 store: 23
Player 2 wins!

Player 1 (Heuristic 3, Depth 6)
Player 2 (Heuristic 4, Depth 6)
Player 2 store: 21
Player 1 store: 27
Player 1 wins!

Player 1 (Heuristic 4, Depth 2)
Player 2 (Heuristic 1, Depth 2)
Player 2 store: 25
Player 1 store: 23
Player 2 wins!

Player 1 (Heuristic 4, Depth 2)
Player 2 (Heuristic 1, Depth 3)
Player 2 store: 36
Player 1 store: 12
Player 2 wins!

Player 1 (Heuristic 4, Depth 2)
Player 2 (Heuristic 1, Depth 4)
Player 2 store: 33
Player 1 store: 15
Player 2 wins!

Player 1 (Heuristic 4, Depth 2)
Player 2 (Heuristic 1, Depth 5)
Player 2 store: 35
Player 1 store: 13
Player 2 wins!

Player 1 (Heuristic 4, Depth 2)
Player 2 (Heuristic 1, Depth 6)
Player 2 store: 35
Player 1 store: 13
Player 2 wins!

Player 1 (Heuristic 4, Depth 2)
Player 2 (Heuristic 2, Depth 2)
Player 1 store: 33
Player 2 store: 15
Player 1 wins!

Player 1 (Heuristic 4, Depth 2)
Player 2 (Heuristic 2, Depth 3)
Player 1 store: 9
Player 2 store: 39
Player 2 wins!

Player 1 (Heuristic 4, Depth 2)
Player 2 (Heuristic 2, Depth 4)
Player 2 store: 34
Player 1 store: 14
Player 2 wins!

Player 1 (Heuristic 4, Depth 2)
Player 2 (Heuristic 2, Depth 5)
Player 2 store: 34
Player 1 store: 14
Player 2 wins!

Player 1 (Heuristic 4, Depth 2)
Player 2 (Heuristic 2, Depth 6)
Player 2 store: 34
Player 1 store: 14
Player 2 wins!

Player 1 (Heuristic 4, Depth 2)
Player 2 (Heuristic 3, Depth 2)
Player 2 store: 34
Player 1 store: 14
Player 2 wins!

Player 1 (Heuristic 4, Depth 2)
Player 2 (Heuristic 3, Depth 3)
Player 1 store: 9
Player 2 store: 39
Player 2 wins!

Player 1 (Heuristic 4, Depth 2)
Player 2 (Heuristic 3, Depth 4)
Player 2 store: 33
Player 1 store: 15
Player 2 wins!

Player 1 (Heuristic 4, Depth 2)
Player 2 (Heuristic 3, Depth 5)
Player 2 store: 34
Player 1 store: 14
Player 2 wins!

Player 1 (Heuristic 4, Depth 2)
Player 2 (Heuristic 3, Depth 6)
Player 2 store: 34
Player 1 store: 14
Player 2 wins!

Player 1 (Heuristic 4, Depth 2)
Player 2 (Heuristic 4, Depth 2)
Player 2 store: 34
Player 1 store: 14
Player 2 wins!

Player 1 (Heuristic 4, Depth 2)
Player 2 (Heuristic 4, Depth 3)
Player 1 store: 9
Player 2 store: 39
Player 2 wins!

Player 1 (Heuristic 4, Depth 2)
Player 2 (Heuristic 4, Depth 4)
Player 2 store: 34
Player 1 store: 14
Player 2 wins!

Player 1 (Heuristic 4, Depth 2)
Player 2 (Heuristic 4, Depth 5)
Player 2 store: 34
Player 1 store: 14
Player 2 wins!

Player 1 (Heuristic 4, Depth 2)
Player 2 (Heuristic 4, Depth 6)
Player 2 store: 34
Player 1 store: 14
Player 2 wins!

Player 1 (Heuristic 4, Depth 3)
Player 2 (Heuristic 1, Depth 2)
Player 2 store: 21
Player 1 store: 27
Player 1 wins!

Player 1 (Heuristic 4, Depth 3)
Player 2 (Heuristic 1, Depth 3)
Player 1 store: 15
Player 2 store: 33
Player 2 wins!

Player 1 (Heuristic 4, Depth 3)
Player 2 (Heuristic 1, Depth 4)
Player 2 store: 31
Player 1 store: 17
Player 2 wins!

Player 1 (Heuristic 4, Depth 3)
Player 2 (Heuristic 1, Depth 5)
Player 2 store: 22
Player 1 store: 26
Player 1 wins!

Player 1 (Heuristic 4, Depth 3)
Player 2 (Heuristic 1, Depth 6)
Player 2 store: 38
Player 1 store: 10
Player 2 wins!

Player 1 (Heuristic 4, Depth 3)
Player 2 (Heuristic 2, Depth 2)
Player 1 store: 44
Player 2 store: 4
Player 1 wins!

Player 1 (Heuristic 4, Depth 3)
Player 2 (Heuristic 2, Depth 3)
Player 2 store: 10
Player 1 store: 38
Player 1 wins!

Player 1 (Heuristic 4, Depth 3)
Player 2 (Heuristic 2, Depth 4)
Player 1 store: 29
Player 2 store: 19
Player 1 wins!

Player 1 (Heuristic 4, Depth 3)
Player 2 (Heuristic 2, Depth 5)
Player 2 store: 26
Player 1 store: 22
Player 2 wins!

Player 1 (Heuristic 4, Depth 3)
Player 2 (Heuristic 2, Depth 6)
Player 1 store: 18
Player 2 store: 30
Player 2 wins!

Player 1 (Heuristic 4, Depth 3)
Player 2 (Heuristic 3, Depth 2)
Player 1 store: 21
Player 2 store: 27
Player 2 wins!

Player 1 (Heuristic 4, Depth 3)
Player 2 (Heuristic 3, Depth 3)
Player 1 store: 18
Player 2 store: 30
Player 2 wins!

Player 1 (Heuristic 4, Depth 3)
Player 2 (Heuristic 3, Depth 4)
Player 1 store: 29
Player 2 store: 19
Player 1 wins!

Player 1 (Heuristic 4, Depth 3)
Player 2 (Heuristic 3, Depth 5)
Player 1 store: 17
Player 2 store: 31
Player 2 wins!

Player 1 (Heuristic 4, Depth 3)
Player 2 (Heuristic 3, Depth 6)
Player 1 store: 21
Player 2 store: 27
Player 2 wins!

Player 1 (Heuristic 4, Depth 3)
Player 2 (Heuristic 4, Depth 2)
Player 1 store: 21
Player 2 store: 27
Player 2 wins!

Player 1 (Heuristic 4, Depth 3)
Player 2 (Heuristic 4, Depth 3)
Player 2 store: 14
Player 1 store: 34
Player 1 wins!

Player 1 (Heuristic 4, Depth 3)
Player 2 (Heuristic 4, Depth 4)
Player 2 store: 28
Player 1 store: 20
Player 2 wins!

Player 1 (Heuristic 4, Depth 3)
Player 2 (Heuristic 4, Depth 5)
Player 2 store: 29
Player 1 store: 19
Player 2 wins!

Player 1 (Heuristic 4, Depth 3)
Player 2 (Heuristic 4, Depth 6)
Player 1 store: 21
Player 2 store: 27
Player 2 wins!

Player 1 (Heuristic 4, Depth 4)
Player 2 (Heuristic 1, Depth 2)
Player 1 store: 24
Player 2 store: 24
It's a draw!

Player 1 (Heuristic 4, Depth 4)
Player 2 (Heuristic 1, Depth 3)
Player 2 store: 16
Player 1 store: 32
Player 1 wins!

Player 1 (Heuristic 4, Depth 4)
Player 2 (Heuristic 1, Depth 4)
Player 2 store: 27
Player 1 store: 21
Player 2 wins!

Player 1 (Heuristic 4, Depth 4)
Player 2 (Heuristic 1, Depth 5)
Player 1 store: 13
Player 2 store: 35
Player 2 wins!

Player 1 (Heuristic 4, Depth 4)
Player 2 (Heuristic 1, Depth 6)
Player 1 store: 17
Player 2 store: 31
Player 2 wins!

Player 1 (Heuristic 4, Depth 4)
Player 2 (Heuristic 2, Depth 2)
Player 1 store: 34
Player 2 store: 14
Player 1 wins!

Player 1 (Heuristic 4, Depth 4)
Player 2 (Heuristic 2, Depth 3)
Player 1 store: 19
Player 2 store: 29
Player 2 wins!

Player 1 (Heuristic 4, Depth 4)
Player 2 (Heuristic 2, Depth 4)
Player 2 store: 19
Player 1 store: 29
Player 1 wins!

Player 1 (Heuristic 4, Depth 4)
Player 2 (Heuristic 2, Depth 5)
Player 2 store: 24
Player 1 store: 24
It's a draw!

Player 1 (Heuristic 4, Depth 4)
Player 2 (Heuristic 2, Depth 6)
Player 2 store: 27
Player 1 store: 21
Player 2 wins!

Player 1 (Heuristic 4, Depth 4)
Player 2 (Heuristic 3, Depth 2)
Player 1 store: 33
Player 2 store: 15
Player 1 wins!

Player 1 (Heuristic 4, Depth 4)
Player 2 (Heuristic 3, Depth 3)
Player 1 store: 32
Player 2 store: 16
Player 1 wins!

Player 1 (Heuristic 4, Depth 4)
Player 2 (Heuristic 3, Depth 4)
Player 1 store: 7
Player 2 store: 41
Player 2 wins!

Player 1 (Heuristic 4, Depth 4)
Player 2 (Heuristic 3, Depth 5)
Player 2 store: 24
Player 1 store: 24
It's a draw!

Player 1 (Heuristic 4, Depth 4)
Player 2 (Heuristic 3, Depth 6)
Player 2 store: 27
Player 1 store: 21
Player 2 wins!

Player 1 (Heuristic 4, Depth 4)
Player 2 (Heuristic 4, Depth 2)
Player 1 store: 33
Player 2 store: 15
Player 1 wins!

Player 1 (Heuristic 4, Depth 4)
Player 2 (Heuristic 4, Depth 3)
Player 2 store: 21
Player 1 store: 27
Player 1 wins!

Player 1 (Heuristic 4, Depth 4)
Player 2 (Heuristic 4, Depth 4)
Player 1 store: 7
Player 2 store: 41
Player 2 wins!

Player 1 (Heuristic 4, Depth 4)
Player 2 (Heuristic 4, Depth 5)
Player 2 store: 24
Player 1 store: 24
It's a draw!

Player 1 (Heuristic 4, Depth 4)
Player 2 (Heuristic 4, Depth 6)
Player 2 store: 27
Player 1 store: 21
Player 2 wins!

Player 1 (Heuristic 4, Depth 5)
Player 2 (Heuristic 1, Depth 2)
Player 1 store: 16
Player 2 store: 32
Player 2 wins!

Player 1 (Heuristic 4, Depth 5)
Player 2 (Heuristic 1, Depth 3)
Player 2 store: 21
Player 1 store: 27
Player 1 wins!

Player 1 (Heuristic 4, Depth 5)
Player 2 (Heuristic 1, Depth 4)
Player 2 store: 24
Player 1 store: 24
It's a draw!

Player 1 (Heuristic 4, Depth 5)
Player 2 (Heuristic 1, Depth 5)
Player 1 store: 14
Player 2 store: 34
Player 2 wins!

Player 1 (Heuristic 4, Depth 5)
Player 2 (Heuristic 1, Depth 6)
Player 1 store: 10
Player 2 store: 38
Player 2 wins!

Player 1 (Heuristic 4, Depth 5)
Player 2 (Heuristic 2, Depth 2)
Player 1 store: 31
Player 2 store: 17
Player 1 wins!

Player 1 (Heuristic 4, Depth 5)
Player 2 (Heuristic 2, Depth 3)
Player 2 store: 12
Player 1 store: 36
Player 1 wins!

Player 1 (Heuristic 4, Depth 5)
Player 2 (Heuristic 2, Depth 4)
Player 2 store: 21
Player 1 store: 27
Player 1 wins!

Player 1 (Heuristic 4, Depth 5)
Player 2 (Heuristic 2, Depth 5)
Player 2 store: 24
Player 1 store: 24
It's a draw!

Player 1 (Heuristic 4, Depth 5)
Player 2 (Heuristic 2, Depth 6)
Player 2 store: 25
Player 1 store: 23
Player 2 wins!

Player 1 (Heuristic 4, Depth 5)
Player 2 (Heuristic 3, Depth 2)
Player 1 store: 33
Player 2 store: 15
Player 1 wins!

Player 1 (Heuristic 4, Depth 5)
Player 2 (Heuristic 3, Depth 3)
Player 1 store: 36
Player 2 store: 12
Player 1 wins!

Player 1 (Heuristic 4, Depth 5)
Player 2 (Heuristic 3, Depth 4)
Player 1 store: 17
Player 2 store: 31
Player 2 wins!

Player 1 (Heuristic 4, Depth 5)
Player 2 (Heuristic 3, Depth 5)
Player 2 store: 24
Player 1 store: 24
It's a draw!

Player 1 (Heuristic 4, Depth 5)
Player 2 (Heuristic 3, Depth 6)
Player 2 store: 25
Player 1 store: 23
Player 2 wins!

Player 1 (Heuristic 4, Depth 5)
Player 2 (Heuristic 4, Depth 2)
Player 1 store: 33
Player 2 store: 15
Player 1 wins!

Player 1 (Heuristic 4, Depth 5)
Player 2 (Heuristic 4, Depth 3)
Player 1 store: 36
Player 2 store: 12
Player 1 wins!

Player 1 (Heuristic 4, Depth 5)
Player 2 (Heuristic 4, Depth 4)
Player 1 store: 21
Player 2 store: 27
Player 2 wins!

Player 1 (Heuristic 4, Depth 5)
Player 2 (Heuristic 4, Depth 5)
Player 2 store: 24
Player 1 store: 24
It's a draw!

Player 1 (Heuristic 4, Depth 5)
Player 2 (Heuristic 4, Depth 6)
Player 2 store: 25
Player 1 store: 23
Player 2 wins!

Player 1 (Heuristic 4, Depth 6)
Player 2 (Heuristic 1, Depth 2)
Player 2 store: 12
Player 1 store: 36
Player 1 wins!

Player 1 (Heuristic 4, Depth 6)
Player 2 (Heuristic 1, Depth 3)
Player 1 store: 18
Player 2 store: 30
Player 2 wins!

Player 1 (Heuristic 4, Depth 6)
Player 2 (Heuristic 1, Depth 4)
Player 2 store: 29
Player 1 store: 19
Player 2 wins!

Player 1 (Heuristic 4, Depth 6)
Player 2 (Heuristic 1, Depth 5)
Player 2 store: 21
Player 1 store: 27
Player 1 wins!

Player 1 (Heuristic 4, Depth 6)
Player 2 (Heuristic 1, Depth 6)
Player 2 store: 26
Player 1 store: 22
Player 2 wins!

Player 1 (Heuristic 4, Depth 6)
Player 2 (Heuristic 2, Depth 2)
Player 1 store: 35
Player 2 store: 13
Player 1 wins!

Player 1 (Heuristic 4, Depth 6)
Player 2 (Heuristic 2, Depth 3)
Player 1 store: 26
Player 2 store: 22
Player 1 wins!

Player 1 (Heuristic 4, Depth 6)
Player 2 (Heuristic 2, Depth 4)
Player 1 store: 39
Player 2 store: 9
Player 1 wins!

Player 1 (Heuristic 4, Depth 6)
Player 2 (Heuristic 2, Depth 5)
Player 2 store: 19
Player 1 store: 29
Player 1 wins!

Player 1 (Heuristic 4, Depth 6)
Player 2 (Heuristic 2, Depth 6)
Player 1 store: 25
Player 2 store: 23
Player 1 wins!

Player 1 (Heuristic 4, Depth 6)
Player 2 (Heuristic 3, Depth 2)
Player 1 store: 35
Player 2 store: 13
Player 1 wins!

Player 1 (Heuristic 4, Depth 6)
Player 2 (Heuristic 3, Depth 3)
Player 1 store: 26
Player 2 store: 22
Player 1 wins!

Player 1 (Heuristic 4, Depth 6)
Player 2 (Heuristic 3, Depth 4)
Player 1 store: 20
Player 2 store: 28
Player 2 wins!

Player 1 (Heuristic 4, Depth 6)
Player 2 (Heuristic 3, Depth 5)
Player 2 store: 19
Player 1 store: 29
Player 1 wins!

Player 1 (Heuristic 4, Depth 6)
Player 2 (Heuristic 3, Depth 6)
Player 1 store: 17
Player 2 store: 31
Player 2 wins!

Player 1 (Heuristic 4, Depth 6)
Player 2 (Heuristic 4, Depth 2)
Player 1 store: 35
Player 2 store: 13
Player 1 wins!

Player 1 (Heuristic 4, Depth 6)
Player 2 (Heuristic 4, Depth 3)
Player 1 store: 26
Player 2 store: 22
Player 1 wins!

Player 1 (Heuristic 4, Depth 6)
Player 2 (Heuristic 4, Depth 4)
Player 2 store: 28
Player 1 store: 20
Player 2 wins!

Player 1 (Heuristic 4, Depth 6)
Player 2 (Heuristic 4, Depth 5)
Player 2 store: 25
Player 1 store: 23
Player 2 wins!

Player 1 (Heuristic 4, Depth 6)
Player 2 (Heuristic 4, Depth 6)
Player 2 store: 21
Player 1 store: 27
Player 1 wins!

Final results after 400 games: Player 1 wins: 181, Player 2 wins: 201, Draws: 18